<MAP>
<MAPLINE> .................................................................................................... </MAPLINE>
<MAPLINE> .................................................................................................... </MAPLINE>
<MAPLINE> .................................................................................................... </MAPLINE>
<MAPLINE> .................................................................................................... </MAPLINE>
<MAPLINE> .................................................................................................... </MAPLINE>
<MAPLINE> .................................................................................................... </MAPLINE>
<MAPLINE> .................................................................................................... </MAPLINE>
<MAPLINE> .................................................................................................... </MAPLINE>
<MAPLINE> .................................................................................................... </MAPLINE>
<MAPLINE> .................................................................................................... </MAPLINE>
<MAPLINE> .................................................................................................... </MAPLINE>
<MAPLINE> .................................................................................................... </MAPLINE>
<MAPLINE> .................................................................................................... </MAPLINE>
<MAPLINE> .................................................................................................... </MAPLINE>
<MAPLINE> .....................................++++++......................................................... </MAPLINE>
<MAPLINE> ..................................++++++++++++++++++++++............................................ </MAPLINE>
<MAPLINE> ....................................+++++S++++++++++++++............................................ </MAPLINE>
<MAPLINE> ...................................+++++++++++++++++++.............................................. </MAPLINE>
<MAPLINE> .......................................++++++F+..................................................... </MAPLINE>
<MAPLINE> .........................................+++........................................................ </MAPLINE>
<MAPLINE> .................................................................................................... </MAPLINE>
<MAPLINE> .................................................................................................... </MAPLINE>
<MAPLINE> .................................................................................................... </MAPLINE>
<MAPLINE> .................................................................................................... </MAPLINE>
<MAPLINE> .................................................................................................... </MAPLINE>
<MAPLINE> .................................................................................................... </MAPLINE>
<MAPLINE> .................................................................................................... </MAPLINE>
<MAPLINE> .................................................................................................... </MAPLINE>
<MAPLINE> .................................................................................................... </MAPLINE>
<MAPLINE> .................................................................................................... </MAPLINE>
<MAPLINE> .................................................................................................... </MAPLINE>
<MAPLINE> .................................................................................................... </MAPLINE>
<MAPLINE> .................................................................................................... </MAPLINE>
<MAPLINE> .................................................................................................... </MAPLINE>
<MAPLINE> .................................................................................................... </MAPLINE>
<MAPLINE> .................................................................................................... </MAPLINE>
<MAPLINE> .................................................................................................... </MAPLINE>
<MAPLINE> .................................................................................................... </MAPLINE>
<MAPLINE> .................................................................................................... </MAPLINE>
<MAPLINE> .................................................................................................... </MAPLINE>
<MAPLINE> .................................................................................................... </MAPLINE>
<MAPLINE> .................................................................................................... </MAPLINE>
<MAPLINE> .................................................................................................... </MAPLINE>
<MAPLINE> .................................................................................................... </MAPLINE>
<MAPLINE> .................................................................................................... </MAPLINE>
<MAPLINE> .................................................................................................... </MAPLINE>
<MAPLINE> .................................................................................................... </MAPLINE>
<MAPLINE> .................................................................................................... </MAPLINE>
<MAPLINE> .................................................................................................... </MAPLINE>
<MAPLINE> .................................................................................................... </MAPLINE>
<MAPLINE> .................................................................................................... </MAPLINE>
<MAPLINE> .................................................................................................... </MAPLINE>
<MAPLINE> .................................................................................................... </MAPLINE>
<MAPLINE> .................................................................................................... </MAPLINE>
<MAPLINE> .................................................................................................... </MAPLINE>
<MAPLINE> .................................................................................................... </MAPLINE>
<MAPLINE> .................................................................................................... </MAPLINE>
<MAPLINE> .................................................................................................... </MAPLINE>
<MAPLINE> .................................................................................................... </MAPLINE>
<MAPLINE> .................................................................................................... </MAPLINE>
<MAPLINE> .................................................................................................... </MAPLINE>
<MAPLINE> .................................................................................................... </MAPLINE>
<MAPLINE> .................................................................................................... </MAPLINE>
<MAPLINE> .................................................................................................... </MAPLINE>
<MAPLINE> .................................................................................................... </MAPLINE>
<MAPLINE> .................................................................................................... </MAPLINE>
<MAPLINE> .................................................................................................... </MAPLINE>
<MAPLINE> .................................................................................................... </MAPLINE>
<MAPLINE> .................................................................................................... </MAPLINE>
<MAPLINE> .................................................................................................... </MAPLINE>
<MAPLINE> .................................................................................................... </MAPLINE>
<MAPLINE> .................................................................................................... </MAPLINE>
<MAPLINE> .................................................................................................... </MAPLINE>
<MAPLINE> .................................................................................................... </MAPLINE>
<MAPLINE> .................................................................................................... </MAPLINE>
<MAPLINE> .................................................................................................... </MAPLINE>
<MAPLINE> .................................................................................................... </MAPLINE>
<MAPLINE> .................................................................................................... </MAPLINE>
<MAPLINE> .................................................................................................... </MAPLINE>
<MAPLINE> .................................................................................................... </MAPLINE>
<MAPLINE> .................................................................................................... </MAPLINE>
<MAPLINE> .................................................................................................... </MAPLINE>
<MAPLINE> .................................................................................................... </MAPLINE>
<MAPLINE> .................................................................................................... </MAPLINE>
<MAPLINE> .................................................................................................... </MAPLINE>
<MAPLINE> .................................................................................................... </MAPLINE>
<MAPLINE> .................................................................................................... </MAPLINE>
<MAPLINE> .................................................................................................... </MAPLINE>
<MAPLINE> .................................................................................................... </MAPLINE>
<MAPLINE> .................................................................................................... </MAPLINE>
<MAPLINE> .................................................................................................... </MAPLINE>
<MAPLINE> .................................................................................................... </MAPLINE>
<MAPLINE> .................................................................................................... </MAPLINE>
<MAPLINE> .................................................................................................... </MAPLINE>
<MAPLINE> .................................................................................................... </MAPLINE>
<MAPLINE> .................................................................................................... </MAPLINE>
<MAPLINE> .................................................................................................... </MAPLINE>
<MAPLINE> .................................................................................................... </MAPLINE>
<MAPLINE> .................................................................................................... </MAPLINE>
<MAPLINE> .................................................................................................... </MAPLINE>
</MAP>